// Jest Snapshot v1, https://goo.gl/fbAQLP

exports[`should render ExpensesSummary correctly 1`] = `
<div>
  <p>
    Viewing 
    1
     expense totalling 
    $2.55
  </p>
</div>
`;
